// Jest Snapshot v1, https://goo.gl/fbAQLP

exports[`intl SignUpForm fr should match snapshot 1`] = `
Object {
  "signInForm": Object {
    "button": Object {
      "submit": "submit",
    },
    "errors": Object {
      "isRequired": "Est requis",
      "mismatch": "Ne correspond pas",
      "noUser": "No user was found",
      "notStrongEnough": "Trop faible",
      "tooLong": "Trop long",
      "tooShort": "Trop court",
    },
    "input": Object {
      "password": Object {
        "label": "Mot de passe",
      },
      "username": Object {
        "label": "Nom D'utilisateur",
      },
    },
  },
}
`;
