// Jest Snapshot v1, https://goo.gl/fbAQLP

exports[`<Button /> default rendering should match snapshot 1`] = `
<div>
  <button
    class="sc-bdvvtL cApkZc"
    type="button"
  >
    <span>
      children
    </span>
  </button>
</div>
`;
