// Jest Snapshot v1, https://goo.gl/fbAQLP

exports[`intl SignUpForm en should match snapshot 1`] = `
Object {
  "profile": Object {
    "title": "Profile",
    "uploadPicture": "Upload picture",
  },
}
`;
